// Jest Snapshot v1, https://goo.gl/fbAQLP

exports[`renders correctly 1`] = `
<div
  className="tw-bg-lightGray"
  style={
    {
      "height": "80%",
      "width": "80%",
    }
  }
/>
`;
